
> @declutrmail/e2e@0.0.0 e2e:hydration [workspace]/packages/e2e
> playwright test hydration-smoke --project=default


Running 43 tests using 1 worker

  ✓   1 [default] › specs/hydration-smoke-public.spec.ts:116:3 › public route mounts without hydration recovery: / (1.3s)
  ✓   2 [default] › specs/hydration-smoke-public.spec.ts:116:3 › public route mounts without hydration recovery: /pricing (951ms)
  ✓   3 [default] › specs/hydration-smoke-public.spec.ts:116:3 › public route mounts without hydration recovery: /inbox-simulator (930ms)
  ✓   4 [default] › specs/hydration-smoke-public.spec.ts:116:3 › public route mounts without hydration recovery: /compare (941ms)
  ✓   5 [default] › specs/hydration-smoke-public.spec.ts:116:3 › public route mounts without hydration recovery: /vs/unroll-me (910ms)
  ✓   6 [default] › specs/hydration-smoke-public.spec.ts:116:3 › public route mounts without hydration recovery: /how-to/clean-gmail-by-sender (908ms)
  ✓   7 [default] › specs/hydration-smoke-public.spec.ts:116:3 › public route mounts without hydration recovery: /security (915ms)
  ✓   8 [default] › specs/hydration-smoke-public.spec.ts:116:3 › public route mounts without hydration recovery: /how-it-works (923ms)
  ✓   9 [default] › specs/hydration-smoke-public.spec.ts:116:3 › public route mounts without hydration recovery: /faq (893ms)
  ✓  10 [default] › specs/hydration-smoke-public.spec.ts:151:5 › returning visitor (accepted analytics, dark theme) mounts without hydration recovery: / (939ms)
  ✓  11 [default] › specs/hydration-smoke-public.spec.ts:151:5 › returning visitor (accepted analytics, dark theme) mounts without hydration recovery: /pricing (909ms)
  ✓  12 [default] › specs/hydration-smoke-public.spec.ts:151:5 › returning visitor (accepted analytics, dark theme) mounts without hydration recovery: /inbox-simulator (919ms)
  ✓  13 [default] › specs/hydration-smoke-public.spec.ts:151:5 › returning visitor (accepted analytics, dark theme) mounts without hydration recovery: /compare (904ms)
  ✓  14 [default] › specs/hydration-smoke-public.spec.ts:151:5 › returning visitor (accepted analytics, dark theme) mounts without hydration recovery: /vs/unroll-me (906ms)
  ✓  15 [default] › specs/hydration-smoke-public.spec.ts:151:5 › returning visitor (accepted analytics, dark theme) mounts without hydration recovery: /how-to/clean-gmail-by-sender (912ms)
  ✓  16 [default] › specs/hydration-smoke-public.spec.ts:151:5 › returning visitor (accepted analytics, dark theme) mounts without hydration recovery: /security (898ms)
  ✓  17 [default] › specs/hydration-smoke-public.spec.ts:151:5 › returning visitor (accepted analytics, dark theme) mounts without hydration recovery: /how-it-works (924ms)
  ✓  18 [default] › specs/hydration-smoke-public.spec.ts:151:5 › returning visitor (accepted analytics, dark theme) mounts without hydration recovery: /faq (881ms)
  ✓  19 [default] › specs/hydration-smoke-public.spec.ts:151:5 › returning visitor (essential only) mounts without hydration recovery: / (950ms)
  ✓  20 [default] › specs/hydration-smoke-public.spec.ts:151:5 › returning visitor (essential only) mounts without hydration recovery: /pricing (911ms)
  ✓  21 [default] › specs/hydration-smoke-public.spec.ts:151:5 › returning visitor (essential only) mounts without hydration recovery: /inbox-simulator (902ms)
  ✓  22 [default] › specs/hydration-smoke-public.spec.ts:151:5 › returning visitor (essential only) mounts without hydration recovery: /compare (901ms)
  ✓  23 [default] › specs/hydration-smoke-public.spec.ts:151:5 › returning visitor (essential only) mounts without hydration recovery: /vs/unroll-me (878ms)
  ✓  24 [default] › specs/hydration-smoke-public.spec.ts:151:5 › returning visitor (essential only) mounts without hydration recovery: /how-to/clean-gmail-by-sender (888ms)
  ✓  25 [default] › specs/hydration-smoke-public.spec.ts:151:5 › returning visitor (essential only) mounts without hydration recovery: /security (878ms)
  ✓  26 [default] › specs/hydration-smoke-public.spec.ts:151:5 › returning visitor (essential only) mounts without hydration recovery: /how-it-works (900ms)
  ✓  27 [default] › specs/hydration-smoke-public.spec.ts:151:5 › returning visitor (essential only) mounts without hydration recovery: /faq (877ms)
  ✓  28 [default] › specs/hydration-smoke.spec.ts:118:3 › server-hydrated route mounts without recovery: /home (900ms)
  ✓  29 [default] › specs/hydration-smoke.spec.ts:118:3 › server-hydrated route mounts without recovery: /senders (1.8s)
  ✓  30 [default] › specs/hydration-smoke.spec.ts:118:3 › server-hydrated route mounts without recovery: /triage (919ms)
  ✓  31 [default] › specs/hydration-smoke.spec.ts:118:3 › server-hydrated route mounts without recovery: /activity (911ms)
  ✓  32 [default] › specs/hydration-smoke.spec.ts:118:3 › server-hydrated route mounts without recovery: /autopilot (950ms)
  ✓  33 [default] › specs/hydration-smoke.spec.ts:118:3 › server-hydrated route mounts without recovery: /billing (915ms)
  ✓  34 [default] › specs/hydration-smoke.spec.ts:118:3 › server-hydrated route mounts without recovery: /brief (906ms)
  ✓  35 [default] › specs/hydration-smoke.spec.ts:118:3 › server-hydrated route mounts without recovery: /followups (884ms)
  ✓  36 [default] › specs/hydration-smoke.spec.ts:118:3 › server-hydrated route mounts without recovery: /later (907ms)
  ✓  37 [default] › specs/hydration-smoke.spec.ts:118:3 › server-hydrated route mounts without recovery: /quiet (887ms)
  ✓  38 [default] › specs/hydration-smoke.spec.ts:118:3 › server-hydrated route mounts without recovery: /screener (875ms)
  ✓  39 [default] › specs/hydration-smoke.spec.ts:118:3 › server-hydrated route mounts without recovery: /settings (897ms)
  ✓  40 [default] › specs/hydration-smoke.spec.ts:118:3 › server-hydrated route mounts without recovery: /settings/privacy (915ms)
  ✓  41 [default] › specs/hydration-smoke.spec.ts:118:3 › server-hydrated route mounts without recovery: /settings/senders (878ms)
  ✓  42 [default] › specs/hydration-smoke.spec.ts:118:3 › server-hydrated route mounts without recovery: /onboarding (870ms)
  ✓  43 [default] › specs/hydration-smoke.spec.ts:118:3 › server-hydrated route mounts without recovery: /admin/security (908ms)

  43 passed (41.9s)
