
> @declutrmail/e2e@0.0.0 e2e:hydration [workspace]/packages/e2e
> playwright test hydration-smoke --project=default


Running 43 tests using 1 worker

  ✓   1 [default] › specs/hydration-smoke-public.spec.ts:116:3 › public route mounts without hydration recovery: / (966ms)
  ✓   2 [default] › specs/hydration-smoke-public.spec.ts:116:3 › public route mounts without hydration recovery: /pricing (893ms)
  ✓   3 [default] › specs/hydration-smoke-public.spec.ts:116:3 › public route mounts without hydration recovery: /inbox-simulator (883ms)
  ✓   4 [default] › specs/hydration-smoke-public.spec.ts:116:3 › public route mounts without hydration recovery: /compare (883ms)
  ✓   5 [default] › specs/hydration-smoke-public.spec.ts:116:3 › public route mounts without hydration recovery: /vs/unroll-me (878ms)
  ✓   6 [default] › specs/hydration-smoke-public.spec.ts:116:3 › public route mounts without hydration recovery: /how-to/clean-gmail-by-sender (887ms)
  ✓   7 [default] › specs/hydration-smoke-public.spec.ts:116:3 › public route mounts without hydration recovery: /security (872ms)
  ✓   8 [default] › specs/hydration-smoke-public.spec.ts:116:3 › public route mounts without hydration recovery: /how-it-works (905ms)
  ✓   9 [default] › specs/hydration-smoke-public.spec.ts:116:3 › public route mounts without hydration recovery: /faq (872ms)
  ✓  10 [default] › specs/hydration-smoke-public.spec.ts:151:5 › returning visitor (accepted analytics, dark theme) mounts without hydration recovery: / (922ms)
  ✓  11 [default] › specs/hydration-smoke-public.spec.ts:151:5 › returning visitor (accepted analytics, dark theme) mounts without hydration recovery: /pricing (894ms)
  ✓  12 [default] › specs/hydration-smoke-public.spec.ts:151:5 › returning visitor (accepted analytics, dark theme) mounts without hydration recovery: /inbox-simulator (894ms)
  ✓  13 [default] › specs/hydration-smoke-public.spec.ts:151:5 › returning visitor (accepted analytics, dark theme) mounts without hydration recovery: /compare (887ms)
  ✓  14 [default] › specs/hydration-smoke-public.spec.ts:151:5 › returning visitor (accepted analytics, dark theme) mounts without hydration recovery: /vs/unroll-me (880ms)
  ✓  15 [default] › specs/hydration-smoke-public.spec.ts:151:5 › returning visitor (accepted analytics, dark theme) mounts without hydration recovery: /how-to/clean-gmail-by-sender (886ms)
  ✓  16 [default] › specs/hydration-smoke-public.spec.ts:151:5 › returning visitor (accepted analytics, dark theme) mounts without hydration recovery: /security (863ms)
  ✓  17 [default] › specs/hydration-smoke-public.spec.ts:151:5 › returning visitor (accepted analytics, dark theme) mounts without hydration recovery: /how-it-works (893ms)
  ✓  18 [default] › specs/hydration-smoke-public.spec.ts:151:5 › returning visitor (accepted analytics, dark theme) mounts without hydration recovery: /faq (877ms)
  ✓  19 [default] › specs/hydration-smoke-public.spec.ts:151:5 › returning visitor (essential only) mounts without hydration recovery: / (917ms)
  ✓  20 [default] › specs/hydration-smoke-public.spec.ts:151:5 › returning visitor (essential only) mounts without hydration recovery: /pricing (885ms)
  ✓  21 [default] › specs/hydration-smoke-public.spec.ts:151:5 › returning visitor (essential only) mounts without hydration recovery: /inbox-simulator (884ms)
  ✓  22 [default] › specs/hydration-smoke-public.spec.ts:151:5 › returning visitor (essential only) mounts without hydration recovery: /compare (877ms)
  ✓  23 [default] › specs/hydration-smoke-public.spec.ts:151:5 › returning visitor (essential only) mounts without hydration recovery: /vs/unroll-me (872ms)
  ✓  24 [default] › specs/hydration-smoke-public.spec.ts:151:5 › returning visitor (essential only) mounts without hydration recovery: /how-to/clean-gmail-by-sender (882ms)
  ✓  25 [default] › specs/hydration-smoke-public.spec.ts:151:5 › returning visitor (essential only) mounts without hydration recovery: /security (863ms)
  ✓  26 [default] › specs/hydration-smoke-public.spec.ts:151:5 › returning visitor (essential only) mounts without hydration recovery: /how-it-works (893ms)
  ✓  27 [default] › specs/hydration-smoke-public.spec.ts:151:5 › returning visitor (essential only) mounts without hydration recovery: /faq (871ms)
  ✓  28 [default] › specs/hydration-smoke.spec.ts:118:3 › server-hydrated route mounts without recovery: /home (896ms)
  ✓  29 [default] › specs/hydration-smoke.spec.ts:118:3 › server-hydrated route mounts without recovery: /senders (1.8s)
  ✓  30 [default] › specs/hydration-smoke.spec.ts:118:3 › server-hydrated route mounts without recovery: /triage (893ms)
  ✓  31 [default] › specs/hydration-smoke.spec.ts:118:3 › server-hydrated route mounts without recovery: /activity (897ms)
  ✓  32 [default] › specs/hydration-smoke.spec.ts:118:3 › server-hydrated route mounts without recovery: /autopilot (1.2s)
  ✓  33 [default] › specs/hydration-smoke.spec.ts:118:3 › server-hydrated route mounts without recovery: /billing (912ms)
  ✓  34 [default] › specs/hydration-smoke.spec.ts:118:3 › server-hydrated route mounts without recovery: /brief (880ms)
  ✓  35 [default] › specs/hydration-smoke.spec.ts:118:3 › server-hydrated route mounts without recovery: /followups (900ms)
  ✓  36 [default] › specs/hydration-smoke.spec.ts:118:3 › server-hydrated route mounts without recovery: /later (888ms)
  ✓  37 [default] › specs/hydration-smoke.spec.ts:118:3 › server-hydrated route mounts without recovery: /quiet (881ms)
  ✓  38 [default] › specs/hydration-smoke.spec.ts:118:3 › server-hydrated route mounts without recovery: /screener (945ms)
  ✓  39 [default] › specs/hydration-smoke.spec.ts:118:3 › server-hydrated route mounts without recovery: /settings (969ms)
  ✓  40 [default] › specs/hydration-smoke.spec.ts:118:3 › server-hydrated route mounts without recovery: /settings/privacy (916ms)
  ✓  41 [default] › specs/hydration-smoke.spec.ts:118:3 › server-hydrated route mounts without recovery: /settings/senders (894ms)
  ✓  42 [default] › specs/hydration-smoke.spec.ts:118:3 › server-hydrated route mounts without recovery: /onboarding (876ms)
  ✓  43 [default] › specs/hydration-smoke.spec.ts:118:3 › server-hydrated route mounts without recovery: /admin/security (868ms)

  43 passed (40.7s)
