ok    291.5 kB / 304 kB  /(app)/senders/page
ok    278.3 kB / 288 kB  /(app)/triage/page
ok    276.9 kB / 288 kB  /(app)/senders/[id]/page
ok    266.5 kB / 270 kB  /(app)/billing/page
ok    264.9 kB / 268 kB  /(app)/autopilot/page
OVER  262.0 kB / 262 kB  /(app)/settings/privacy/page
ok    258.3 kB / 266 kB  /(app)/screener/page
ok    257.3 kB / 267 kB  /(app)/settings/help/page
ok    257.1 kB / 264 kB  /(app)/brief/page
ok    256.8 kB / 264 kB  /(app)/activity/page
ok    249.4 kB / 256 kB  /(app)/settings/page
ok    249.1 kB / 255 kB  /(app)/followups/page
ok    246.7 kB / 253 kB  /(app)/quiet/page
ok    246.4 kB / 252 kB  /(app)/later/page
ok    244.9 kB / 255 kB  /(app)/settings/senders/page
ok    240.1 kB / 264 kB  /(app)/home/page
ok    239.0 kB / 244 kB  /(app)/admin/security/page
ok    206.5 kB / 218 kB  /(marketing)/inbox-simulator/page
ok    162.1 kB / 166 kB  /(marketing)/pricing/page
ok    151.4 kB / 152 kB  /(marketing)/cookies/page
ok    149.3 kB / 151 kB  /(marketing)/beta/page
ok    149.2 kB / 151 kB  /(marketing)/contact/page
ok    149.2 kB / 151 kB  /(marketing)/refunds/page
ok    149.2 kB / 151 kB  /(marketing)/privacy/page
ok    149.2 kB / 151 kB  /(marketing)/terms/page
ok    149.2 kB / 151 kB  /(marketing)/help/page
ok    149.2 kB / 151 kB  /(marketing)/security/page
ok    149.1 kB / 151 kB  /(marketing)/answers/what-is-metadata-only-email-analysis/page
ok    149.1 kB / 151 kB  /(marketing)/answers/best-way-to-clean-gmail-2026/page
ok    149.1 kB / 151 kB  /(marketing)/answers/how-undo-works-for-gmail-cleanup/page
ok    149.1 kB / 151 kB  /(marketing)/how-to/unsubscribe-from-emails-gmail/page
ok    149.1 kB / 151 kB  /(marketing)/answers/is-it-safe-to-connect-gmail-app/page
ok    149.1 kB / 151 kB  /(marketing)/answers/sender-level-vs-message-level-cleanup/page
ok    149.1 kB / 151 kB  /(marketing)/blog/[slug]/page
ok    149.1 kB / 151 kB  /(marketing)/how-to/auto-archive-future-emails-in-gmail/page
ok    149.1 kB / 151 kB  /(marketing)/how-to/bulk-delete-emails-from-one-sender/page
ok    149.1 kB / 151 kB  /(marketing)/how-to/clean-gmail-by-sender/page
ok    149.1 kB / 151 kB  /(marketing)/how-to/stop-promotional-emails-gmail/page
ok    149.1 kB / 151 kB  /(marketing)/how-to/gmail-storage-full/page
ok    149.1 kB / 156 kB  /(marketing)/page
ok    149.0 kB / 151 kB  /(marketing)/vs/[competitor]/page
ok    149.0 kB / 151 kB  /(marketing)/answers/page
ok    149.0 kB / 151 kB  /(marketing)/changelog/page
ok    149.0 kB / 151 kB  /(marketing)/compare/page
ok    149.0 kB / 151 kB  /(marketing)/faq/page
ok    149.0 kB / 151 kB  /(marketing)/blog/page
ok    149.0 kB / 151 kB  /(marketing)/how-to/page
ok    149.0 kB / 151 kB  /(marketing)/alternatives/[tool]/page
ok    149.0 kB / 151 kB  /(marketing)/how-it-works/page
ok    149.0 kB / 151 kB  /(marketing)/sign-in/page
ok    149.0 kB / 151 kB  /(marketing)/methodology/page

✗ bundle budget: 1 of 51 route(s) over.
