
> @declutrmail/e2e@0.0.0 e2e:a11y [workspace]/packages/e2e
> playwright test --project=a11y-desktop --project=a11y-mobile-reduced-motion --project=responsive-phone


Running 70 tests using 1 worker

  ✓   1 [a11y-desktop] › specs/a11y-public.spec.ts:91:3 › / passes the public accessibility smoke (2.3s)
  ✓   2 [a11y-desktop] › specs/a11y-public.spec.ts:91:3 › /pricing passes the public accessibility smoke (1.9s)
  ✓   3 [a11y-desktop] › specs/a11y-public.spec.ts:91:3 › /inbox-simulator passes the public accessibility smoke (1.5s)
  ✓   4 [a11y-desktop] › specs/a11y-public.spec.ts:91:3 › /compare passes the public accessibility smoke (1.7s)
  ✓   5 [a11y-desktop] › specs/a11y-public.spec.ts:91:3 › /vs/unroll-me passes the public accessibility smoke (1.7s)
  ✓   6 [a11y-desktop] › specs/a11y-public.spec.ts:91:3 › /alternatives/clean-email passes the public accessibility smoke (1.7s)
  ✓   7 [a11y-desktop] › specs/a11y-public.spec.ts:91:3 › /how-to/clean-gmail-by-sender passes the public accessibility smoke (1.8s)
  ✓   8 [a11y-desktop] › specs/a11y-public.spec.ts:91:3 › /security passes the public accessibility smoke (1.4s)
  ✓   9 [a11y-desktop] › specs/a11y-public.spec.ts:91:3 › /privacy passes the public accessibility smoke (1.7s)
  ✓  10 [a11y-desktop] › specs/a11y-public.spec.ts:91:3 › /how-it-works passes the public accessibility smoke (1.9s)
  ✓  11 [a11y-desktop] › specs/a11y-public.spec.ts:91:3 › /faq passes the public accessibility smoke (1.4s)
  ✓  12 [a11y-desktop] › specs/a11y-public.spec.ts:91:3 › /contact passes the public accessibility smoke (1.3s)
  ✓  13 [a11y-desktop] › specs/a11y-public.spec.ts:107:1 › the public shell exposes a working skip link as the first tab stop (526ms)
  ✓  14 [a11y-desktop] › specs/a11y-smoke.spec.ts:96:3 › /senders passes the authenticated accessibility smoke (2.2s)
  ✓  15 [a11y-desktop] › specs/a11y-smoke.spec.ts:96:3 › /triage passes the authenticated accessibility smoke (2.6s)
  ✓  16 [a11y-desktop] › specs/a11y-smoke.spec.ts:96:3 › /activity passes the authenticated accessibility smoke (1.4s)
  ✓  17 [a11y-desktop] › specs/a11y-smoke.spec.ts:96:3 › /settings/privacy passes the authenticated accessibility smoke (1.8s)
  ✓  18 [a11y-desktop] › specs/a11y-smoke.spec.ts:96:3 › /billing passes the authenticated accessibility smoke (1.7s)
  ✓  19 [a11y-desktop] › specs/a11y-smoke.spec.ts:116:1 › Activity filters load on first open and restore focus (2.1s)
  ✓  20 [a11y-desktop] › specs/a11y-smoke.spec.ts:139:1 › keyboard shortcut dialog traps and restores focus (1.3s)
  ✓  21 [a11y-desktop] › specs/a11y-smoke.spec.ts:172:1 › Privacy export distinguishes failures, announces preparation and permits a retry (4.1s)
  ✓  22 [a11y-mobile-reduced-motion] › specs/a11y-public.spec.ts:91:3 › / passes the public accessibility smoke (2.8s)
  ✓  23 [a11y-mobile-reduced-motion] › specs/a11y-public.spec.ts:91:3 › /pricing passes the public accessibility smoke (2.7s)
  ✓  24 [a11y-mobile-reduced-motion] › specs/a11y-public.spec.ts:91:3 › /inbox-simulator passes the public accessibility smoke (2.4s)
  ✓  25 [a11y-mobile-reduced-motion] › specs/a11y-public.spec.ts:91:3 › /compare passes the public accessibility smoke (2.8s)
  ✓  26 [a11y-mobile-reduced-motion] › specs/a11y-public.spec.ts:91:3 › /vs/unroll-me passes the public accessibility smoke (3.2s)
  ✓  27 [a11y-mobile-reduced-motion] › specs/a11y-public.spec.ts:91:3 › /alternatives/clean-email passes the public accessibility smoke (3.0s)
  ✓  28 [a11y-mobile-reduced-motion] › specs/a11y-public.spec.ts:91:3 › /how-to/clean-gmail-by-sender passes the public accessibility smoke (3.1s)
  ✓  29 [a11y-mobile-reduced-motion] › specs/a11y-public.spec.ts:91:3 › /security passes the public accessibility smoke (2.8s)
  ✓  30 [a11y-mobile-reduced-motion] › specs/a11y-public.spec.ts:91:3 › /privacy passes the public accessibility smoke (2.8s)
  ✓  31 [a11y-mobile-reduced-motion] › specs/a11y-public.spec.ts:91:3 › /how-it-works passes the public accessibility smoke (2.7s)
  ✓  32 [a11y-mobile-reduced-motion] › specs/a11y-public.spec.ts:91:3 › /faq passes the public accessibility smoke (2.1s)
  ✓  33 [a11y-mobile-reduced-motion] › specs/a11y-public.spec.ts:91:3 › /contact passes the public accessibility smoke (2.0s)
  ✓  34 [a11y-mobile-reduced-motion] › specs/a11y-public.spec.ts:107:1 › the public shell exposes a working skip link as the first tab stop (756ms)
  ✓  35 [a11y-mobile-reduced-motion] › specs/a11y-smoke.spec.ts:96:3 › /senders passes the authenticated accessibility smoke (3.1s)
  ✓  36 [a11y-mobile-reduced-motion] › specs/a11y-smoke.spec.ts:96:3 › /triage passes the authenticated accessibility smoke (2.5s)
  ✓  37 [a11y-mobile-reduced-motion] › specs/a11y-smoke.spec.ts:96:3 › /activity passes the authenticated accessibility smoke (1.6s)
  ✓  38 [a11y-mobile-reduced-motion] › specs/a11y-smoke.spec.ts:96:3 › /settings/privacy passes the authenticated accessibility smoke (1.8s)
  ✓  39 [a11y-mobile-reduced-motion] › specs/a11y-smoke.spec.ts:96:3 › /billing passes the authenticated accessibility smoke (2.7s)
  ✓  40 [a11y-mobile-reduced-motion] › specs/a11y-smoke.spec.ts:116:1 › Activity filters load on first open and restore focus (4.0s)
  ✓  41 [a11y-mobile-reduced-motion] › specs/a11y-smoke.spec.ts:139:1 › keyboard shortcut dialog traps and restores focus (1.4s)
  ✓  42 [a11y-mobile-reduced-motion] › specs/a11y-smoke.spec.ts:172:1 › Privacy export distinguishes failures, announces preparation and permits a retry (3.9s)
  ✓  43 [responsive-phone] › specs/responsive-layout.spec.ts:69:3 › /home stays inside the compact authenticated viewport (1.9s)
  ✓  44 [responsive-phone] › specs/responsive-layout.spec.ts:69:3 › /senders stays inside the compact authenticated viewport (1.7s)
  ✓  45 [responsive-phone] › specs/responsive-layout.spec.ts:69:3 › /triage stays inside the compact authenticated viewport (1.6s)
  ✓  46 [responsive-phone] › specs/responsive-layout.spec.ts:69:3 › /screener stays inside the compact authenticated viewport (1.6s)
  ✓  47 [responsive-phone] › specs/responsive-layout.spec.ts:69:3 › /autopilot stays inside the compact authenticated viewport (1.6s)
  ✓  48 [responsive-phone] › specs/responsive-layout.spec.ts:69:3 › /quiet stays inside the compact authenticated viewport (1.7s)
  ✓  49 [responsive-phone] › specs/responsive-layout.spec.ts:69:3 › /brief stays inside the compact authenticated viewport (1.5s)
  ✓  50 [responsive-phone] › specs/responsive-layout.spec.ts:69:3 › /followups stays inside the compact authenticated viewport (1.6s)
  ✓  51 [responsive-phone] › specs/responsive-layout.spec.ts:69:3 › /later stays inside the compact authenticated viewport (2.4s)
  ✓  52 [responsive-phone] › specs/responsive-layout.spec.ts:69:3 › /activity stays inside the compact authenticated viewport (2.5s)
  ✓  53 [responsive-phone] › specs/responsive-layout.spec.ts:69:3 › /billing stays inside the compact authenticated viewport (1.5s)
  ✓  54 [responsive-phone] › specs/responsive-layout.spec.ts:69:3 › /settings stays inside the compact authenticated viewport (1.6s)
  ✓  55 [responsive-phone] › specs/responsive-layout.spec.ts:69:3 › /settings/privacy stays inside the compact authenticated viewport (2.7s)
  ✓  56 [responsive-phone] › specs/responsive-layout.spec.ts:69:3 › /settings/help stays inside the compact authenticated viewport (2.0s)
  ✓  57 [responsive-phone] › specs/responsive-layout.spec.ts:69:3 › /settings/senders stays inside the compact authenticated viewport (2.2s)
  ✓  58 [responsive-phone] › specs/responsive-layout.spec.ts:69:3 › /senders/e2eb1111-0000-4000-8000-00000000000a stays inside the compact authenticated viewport (2.4s)
  ✓  59 [responsive-phone] › specs/responsive-layout.spec.ts:69:3 › /admin/security stays inside the compact authenticated viewport (1.6s)
  ✓  60 [responsive-phone] › specs/responsive-layout.spec.ts:76:3 › / stays inside the compact public viewport (1.4s)
  ✓  61 [responsive-phone] › specs/responsive-layout.spec.ts:76:3 › /pricing stays inside the compact public viewport (1.6s)
  ✓  62 [responsive-phone] › specs/responsive-layout.spec.ts:76:3 › /inbox-simulator stays inside the compact public viewport (1.7s)
  ✓  63 [responsive-phone] › specs/responsive-layout.spec.ts:76:3 › /compare stays inside the compact public viewport (1.5s)
  ✓  64 [responsive-phone] › specs/responsive-layout.spec.ts:76:3 › /vs/unroll-me stays inside the compact public viewport (1.1s)
  ✓  65 [responsive-phone] › specs/responsive-layout.spec.ts:76:3 › /alternatives/clean-email stays inside the compact public viewport (1.1s)
  ✓  66 [responsive-phone] › specs/responsive-layout.spec.ts:76:3 › /how-to/clean-gmail-by-sender stays inside the compact public viewport (1.4s)
  ✓  67 [responsive-phone] › specs/responsive-layout.spec.ts:76:3 › /privacy stays inside the compact public viewport (1.3s)
  ✓  68 [responsive-phone] › specs/responsive-layout.spec.ts:76:3 › /how-it-works stays inside the compact public viewport (1.6s)
  ✓  69 [responsive-phone] › specs/responsive-layout.spec.ts:76:3 › /faq stays inside the compact public viewport (2.6s)
  ✓  70 [responsive-phone] › specs/responsive-layout.spec.ts:82:1 › the compact navigation drawer remains fully reachable (2.6s)

  70 passed (2.6m)
