
> @declutrmail/e2e@0.0.0 e2e:hydration [workspace]/packages/e2e
> playwright test hydration-smoke --project=default


Running 43 tests using 1 worker

  ✓   1 [default] › specs/hydration-smoke-public.spec.ts:116:3 › public route mounts without hydration recovery: / (986ms)
  ✓   2 [default] › specs/hydration-smoke-public.spec.ts:116:3 › public route mounts without hydration recovery: /pricing (897ms)
  ✓   3 [default] › specs/hydration-smoke-public.spec.ts:116:3 › public route mounts without hydration recovery: /inbox-simulator (884ms)
  ✓   4 [default] › specs/hydration-smoke-public.spec.ts:116:3 › public route mounts without hydration recovery: /compare (881ms)
  ✓   5 [default] › specs/hydration-smoke-public.spec.ts:116:3 › public route mounts without hydration recovery: /vs/unroll-me (888ms)
  ✓   6 [default] › specs/hydration-smoke-public.spec.ts:116:3 › public route mounts without hydration recovery: /how-to/clean-gmail-by-sender (876ms)
  ✓   7 [default] › specs/hydration-smoke-public.spec.ts:116:3 › public route mounts without hydration recovery: /security (873ms)
  ✓   8 [default] › specs/hydration-smoke-public.spec.ts:116:3 › public route mounts without hydration recovery: /how-it-works (937ms)
  ✓   9 [default] › specs/hydration-smoke-public.spec.ts:116:3 › public route mounts without hydration recovery: /faq (941ms)
  ✓  10 [default] › specs/hydration-smoke-public.spec.ts:151:5 › returning visitor (accepted analytics, dark theme) mounts without hydration recovery: / (962ms)
  ✓  11 [default] › specs/hydration-smoke-public.spec.ts:151:5 › returning visitor (accepted analytics, dark theme) mounts without hydration recovery: /pricing (936ms)
  ✓  12 [default] › specs/hydration-smoke-public.spec.ts:151:5 › returning visitor (accepted analytics, dark theme) mounts without hydration recovery: /inbox-simulator (917ms)
  ✓  13 [default] › specs/hydration-smoke-public.spec.ts:151:5 › returning visitor (accepted analytics, dark theme) mounts without hydration recovery: /compare (910ms)
  ✓  14 [default] › specs/hydration-smoke-public.spec.ts:151:5 › returning visitor (accepted analytics, dark theme) mounts without hydration recovery: /vs/unroll-me (900ms)
  ✓  15 [default] › specs/hydration-smoke-public.spec.ts:151:5 › returning visitor (accepted analytics, dark theme) mounts without hydration recovery: /how-to/clean-gmail-by-sender (923ms)
  ✓  16 [default] › specs/hydration-smoke-public.spec.ts:151:5 › returning visitor (accepted analytics, dark theme) mounts without hydration recovery: /security (885ms)
  ✓  17 [default] › specs/hydration-smoke-public.spec.ts:151:5 › returning visitor (accepted analytics, dark theme) mounts without hydration recovery: /how-it-works (905ms)
  ✓  18 [default] › specs/hydration-smoke-public.spec.ts:151:5 › returning visitor (accepted analytics, dark theme) mounts without hydration recovery: /faq (899ms)
  ✓  19 [default] › specs/hydration-smoke-public.spec.ts:151:5 › returning visitor (essential only) mounts without hydration recovery: / (954ms)
  ✓  20 [default] › specs/hydration-smoke-public.spec.ts:151:5 › returning visitor (essential only) mounts without hydration recovery: /pricing (908ms)
  ✓  21 [default] › specs/hydration-smoke-public.spec.ts:151:5 › returning visitor (essential only) mounts without hydration recovery: /inbox-simulator (906ms)
  ✓  22 [default] › specs/hydration-smoke-public.spec.ts:151:5 › returning visitor (essential only) mounts without hydration recovery: /compare (906ms)
  ✓  23 [default] › specs/hydration-smoke-public.spec.ts:151:5 › returning visitor (essential only) mounts without hydration recovery: /vs/unroll-me (891ms)
  ✓  24 [default] › specs/hydration-smoke-public.spec.ts:151:5 › returning visitor (essential only) mounts without hydration recovery: /how-to/clean-gmail-by-sender (889ms)
  ✓  25 [default] › specs/hydration-smoke-public.spec.ts:151:5 › returning visitor (essential only) mounts without hydration recovery: /security (887ms)
  ✓  26 [default] › specs/hydration-smoke-public.spec.ts:151:5 › returning visitor (essential only) mounts without hydration recovery: /how-it-works (916ms)
  ✓  27 [default] › specs/hydration-smoke-public.spec.ts:151:5 › returning visitor (essential only) mounts without hydration recovery: /faq (892ms)
  ✓  28 [default] › specs/hydration-smoke.spec.ts:107:3 › server-hydrated route mounts without recovery: /home (900ms)
  ✓  29 [default] › specs/hydration-smoke.spec.ts:107:3 › server-hydrated route mounts without recovery: /senders (1.9s)
  ✓  30 [default] › specs/hydration-smoke.spec.ts:107:3 › server-hydrated route mounts without recovery: /triage (937ms)
  ✓  31 [default] › specs/hydration-smoke.spec.ts:107:3 › server-hydrated route mounts without recovery: /activity (942ms)
  ✓  32 [default] › specs/hydration-smoke.spec.ts:107:3 › server-hydrated route mounts without recovery: /autopilot (888ms)
  ✓  33 [default] › specs/hydration-smoke.spec.ts:107:3 › server-hydrated route mounts without recovery: /billing (914ms)
  ✓  34 [default] › specs/hydration-smoke.spec.ts:107:3 › server-hydrated route mounts without recovery: /brief (910ms)
  ✓  35 [default] › specs/hydration-smoke.spec.ts:107:3 › server-hydrated route mounts without recovery: /followups (918ms)
  ✓  36 [default] › specs/hydration-smoke.spec.ts:107:3 › server-hydrated route mounts without recovery: /later (868ms)
  ✓  37 [default] › specs/hydration-smoke.spec.ts:107:3 › server-hydrated route mounts without recovery: /quiet (910ms)
  ✓  38 [default] › specs/hydration-smoke.spec.ts:107:3 › server-hydrated route mounts without recovery: /screener (885ms)
  ✓  39 [default] › specs/hydration-smoke.spec.ts:107:3 › server-hydrated route mounts without recovery: /settings (906ms)
  ✓  40 [default] › specs/hydration-smoke.spec.ts:107:3 › server-hydrated route mounts without recovery: /settings/privacy (922ms)
  ✓  41 [default] › specs/hydration-smoke.spec.ts:107:3 › server-hydrated route mounts without recovery: /settings/senders (932ms)
  ✓  42 [default] › specs/hydration-smoke.spec.ts:107:3 › server-hydrated route mounts without recovery: /onboarding (912ms)
  ✓  43 [default] › specs/hydration-smoke.spec.ts:107:3 › server-hydrated route mounts without recovery: /admin/security (922ms)

  43 passed (41.4s)
