
> @declutrmail/e2e@0.0.0 e2e:hydration [workspace]/packages/e2e
> playwright test hydration-smoke --project=default


Running 43 tests using 1 worker

  ✓   1 [default] › specs/hydration-smoke-public.spec.ts:116:3 › public route mounts without hydration recovery: / (1.2s)
  ✓   2 [default] › specs/hydration-smoke-public.spec.ts:116:3 › public route mounts without hydration recovery: /pricing (1.0s)
  ✓   3 [default] › specs/hydration-smoke-public.spec.ts:116:3 › public route mounts without hydration recovery: /inbox-simulator (1.0s)
  ✓   4 [default] › specs/hydration-smoke-public.spec.ts:116:3 › public route mounts without hydration recovery: /compare (977ms)
  ✓   5 [default] › specs/hydration-smoke-public.spec.ts:116:3 › public route mounts without hydration recovery: /vs/unroll-me (956ms)
  ✓   6 [default] › specs/hydration-smoke-public.spec.ts:116:3 › public route mounts without hydration recovery: /how-to/clean-gmail-by-sender (985ms)
  ✓   7 [default] › specs/hydration-smoke-public.spec.ts:116:3 › public route mounts without hydration recovery: /security (956ms)
  ✓   8 [default] › specs/hydration-smoke-public.spec.ts:116:3 › public route mounts without hydration recovery: /how-it-works (976ms)
  ✓   9 [default] › specs/hydration-smoke-public.spec.ts:116:3 › public route mounts without hydration recovery: /faq (931ms)
  ✓  10 [default] › specs/hydration-smoke-public.spec.ts:151:5 › returning visitor (accepted analytics, dark theme) mounts without hydration recovery: / (1.0s)
  ✓  11 [default] › specs/hydration-smoke-public.spec.ts:151:5 › returning visitor (accepted analytics, dark theme) mounts without hydration recovery: /pricing (926ms)
  ✓  12 [default] › specs/hydration-smoke-public.spec.ts:151:5 › returning visitor (accepted analytics, dark theme) mounts without hydration recovery: /inbox-simulator (896ms)
  ✓  13 [default] › specs/hydration-smoke-public.spec.ts:151:5 › returning visitor (accepted analytics, dark theme) mounts without hydration recovery: /compare (907ms)
  ✓  14 [default] › specs/hydration-smoke-public.spec.ts:151:5 › returning visitor (accepted analytics, dark theme) mounts without hydration recovery: /vs/unroll-me (902ms)
  ✓  15 [default] › specs/hydration-smoke-public.spec.ts:151:5 › returning visitor (accepted analytics, dark theme) mounts without hydration recovery: /how-to/clean-gmail-by-sender (900ms)
  ✓  16 [default] › specs/hydration-smoke-public.spec.ts:151:5 › returning visitor (accepted analytics, dark theme) mounts without hydration recovery: /security (883ms)
  ✓  17 [default] › specs/hydration-smoke-public.spec.ts:151:5 › returning visitor (accepted analytics, dark theme) mounts without hydration recovery: /how-it-works (896ms)
  ✓  18 [default] › specs/hydration-smoke-public.spec.ts:151:5 › returning visitor (accepted analytics, dark theme) mounts without hydration recovery: /faq (888ms)
  ✓  19 [default] › specs/hydration-smoke-public.spec.ts:151:5 › returning visitor (essential only) mounts without hydration recovery: / (952ms)
  ✓  20 [default] › specs/hydration-smoke-public.spec.ts:151:5 › returning visitor (essential only) mounts without hydration recovery: /pricing (899ms)
  ✓  21 [default] › specs/hydration-smoke-public.spec.ts:151:5 › returning visitor (essential only) mounts without hydration recovery: /inbox-simulator (894ms)
  ✓  22 [default] › specs/hydration-smoke-public.spec.ts:151:5 › returning visitor (essential only) mounts without hydration recovery: /compare (895ms)
  ✓  23 [default] › specs/hydration-smoke-public.spec.ts:151:5 › returning visitor (essential only) mounts without hydration recovery: /vs/unroll-me (883ms)
  ✓  24 [default] › specs/hydration-smoke-public.spec.ts:151:5 › returning visitor (essential only) mounts without hydration recovery: /how-to/clean-gmail-by-sender (890ms)
  ✓  25 [default] › specs/hydration-smoke-public.spec.ts:151:5 › returning visitor (essential only) mounts without hydration recovery: /security (883ms)
  ✓  26 [default] › specs/hydration-smoke-public.spec.ts:151:5 › returning visitor (essential only) mounts without hydration recovery: /how-it-works (907ms)
  ✓  27 [default] › specs/hydration-smoke-public.spec.ts:151:5 › returning visitor (essential only) mounts without hydration recovery: /faq (878ms)
  ✓  28 [default] › specs/hydration-smoke.spec.ts:107:3 › server-hydrated route mounts without recovery: /home (917ms)
  ✓  29 [default] › specs/hydration-smoke.spec.ts:107:3 › server-hydrated route mounts without recovery: /senders (1.8s)
  ✓  30 [default] › specs/hydration-smoke.spec.ts:107:3 › server-hydrated route mounts without recovery: /triage (916ms)
  ✓  31 [default] › specs/hydration-smoke.spec.ts:107:3 › server-hydrated route mounts without recovery: /activity (921ms)
  ✓  32 [default] › specs/hydration-smoke.spec.ts:107:3 › server-hydrated route mounts without recovery: /autopilot (918ms)
  ✓  33 [default] › specs/hydration-smoke.spec.ts:107:3 › server-hydrated route mounts without recovery: /billing (914ms)
  ✓  34 [default] › specs/hydration-smoke.spec.ts:107:3 › server-hydrated route mounts without recovery: /brief (884ms)
  ✓  35 [default] › specs/hydration-smoke.spec.ts:107:3 › server-hydrated route mounts without recovery: /followups (902ms)
  ✓  36 [default] › specs/hydration-smoke.spec.ts:107:3 › server-hydrated route mounts without recovery: /later (891ms)
  ✓  37 [default] › specs/hydration-smoke.spec.ts:107:3 › server-hydrated route mounts without recovery: /quiet (904ms)
  ✓  38 [default] › specs/hydration-smoke.spec.ts:107:3 › server-hydrated route mounts without recovery: /screener (885ms)
  ✓  39 [default] › specs/hydration-smoke.spec.ts:107:3 › server-hydrated route mounts without recovery: /settings (906ms)
  ✓  40 [default] › specs/hydration-smoke.spec.ts:107:3 › server-hydrated route mounts without recovery: /settings/privacy (911ms)
  ✓  41 [default] › specs/hydration-smoke.spec.ts:107:3 › server-hydrated route mounts without recovery: /settings/senders (902ms)
  ✓  42 [default] › specs/hydration-smoke.spec.ts:107:3 › server-hydrated route mounts without recovery: /onboarding (891ms)
  ✓  43 [default] › specs/hydration-smoke.spec.ts:107:3 › server-hydrated route mounts without recovery: /admin/security (913ms)

  43 passed (42.2s)
