
> @declutrmail/e2e@0.0.0 e2e:a11y [workspace]/packages/e2e
> playwright test --project=a11y-desktop --project=a11y-mobile-reduced-motion --project=responsive-phone


Running 70 tests using 1 worker

  ✓   1 [a11y-desktop] › specs/a11y-public.spec.ts:91:3 › / passes the public accessibility smoke (716ms)
  ✓   2 [a11y-desktop] › specs/a11y-public.spec.ts:91:3 › /pricing passes the public accessibility smoke (656ms)
  ✓   3 [a11y-desktop] › specs/a11y-public.spec.ts:91:3 › /inbox-simulator passes the public accessibility smoke (459ms)
  ✓   4 [a11y-desktop] › specs/a11y-public.spec.ts:91:3 › /compare passes the public accessibility smoke (577ms)
  ✓   5 [a11y-desktop] › specs/a11y-public.spec.ts:91:3 › /vs/unroll-me passes the public accessibility smoke (570ms)
  ✓   6 [a11y-desktop] › specs/a11y-public.spec.ts:91:3 › /alternatives/clean-email passes the public accessibility smoke (580ms)
  ✓   7 [a11y-desktop] › specs/a11y-public.spec.ts:91:3 › /how-to/clean-gmail-by-sender passes the public accessibility smoke (573ms)
  ✓   8 [a11y-desktop] › specs/a11y-public.spec.ts:91:3 › /security passes the public accessibility smoke (497ms)
  ✓   9 [a11y-desktop] › specs/a11y-public.spec.ts:91:3 › /privacy passes the public accessibility smoke (575ms)
  ✓  10 [a11y-desktop] › specs/a11y-public.spec.ts:91:3 › /how-it-works passes the public accessibility smoke (641ms)
  ✓  11 [a11y-desktop] › specs/a11y-public.spec.ts:91:3 › /faq passes the public accessibility smoke (474ms)
  ✓  12 [a11y-desktop] › specs/a11y-public.spec.ts:91:3 › /contact passes the public accessibility smoke (433ms)
  ✓  13 [a11y-desktop] › specs/a11y-public.spec.ts:107:1 › the public shell exposes a working skip link as the first tab stop (173ms)
  ✓  14 [a11y-desktop] › specs/a11y-smoke.spec.ts:97:3 › /senders passes the authenticated accessibility smoke (597ms)
  ✓  15 [a11y-desktop] › specs/a11y-smoke.spec.ts:97:3 › /triage passes the authenticated accessibility smoke (1.3s)
  ✓  16 [a11y-desktop] › specs/a11y-smoke.spec.ts:97:3 › /activity passes the authenticated accessibility smoke (483ms)
  ✓  17 [a11y-desktop] › specs/a11y-smoke.spec.ts:97:3 › /settings/privacy passes the authenticated accessibility smoke (736ms)
  ✓  18 [a11y-desktop] › specs/a11y-smoke.spec.ts:97:3 › /billing passes the authenticated accessibility smoke (786ms)
  ✓  19 [a11y-desktop] › specs/a11y-smoke.spec.ts:117:1 › Activity filters load on first open and restore focus (1.7s)
  ✓  20 [a11y-desktop] › specs/a11y-smoke.spec.ts:141:1 › keyboard shortcut dialog traps and restores focus (458ms)
  ✓  21 [a11y-desktop] › specs/a11y-smoke.spec.ts:175:1 › Privacy export distinguishes failures, announces preparation and permits a retry (1.5s)
  ✓  22 [a11y-mobile-reduced-motion] › specs/a11y-public.spec.ts:91:3 › / passes the public accessibility smoke (643ms)
  ✓  23 [a11y-mobile-reduced-motion] › specs/a11y-public.spec.ts:91:3 › /pricing passes the public accessibility smoke (667ms)
  ✓  24 [a11y-mobile-reduced-motion] › specs/a11y-public.spec.ts:91:3 › /inbox-simulator passes the public accessibility smoke (447ms)
  ✓  25 [a11y-mobile-reduced-motion] › specs/a11y-public.spec.ts:91:3 › /compare passes the public accessibility smoke (563ms)
  ✓  26 [a11y-mobile-reduced-motion] › specs/a11y-public.spec.ts:91:3 › /vs/unroll-me passes the public accessibility smoke (558ms)
  ✓  27 [a11y-mobile-reduced-motion] › specs/a11y-public.spec.ts:91:3 › /alternatives/clean-email passes the public accessibility smoke (564ms)
  ✓  28 [a11y-mobile-reduced-motion] › specs/a11y-public.spec.ts:91:3 › /how-to/clean-gmail-by-sender passes the public accessibility smoke (527ms)
  ✓  29 [a11y-mobile-reduced-motion] › specs/a11y-public.spec.ts:91:3 › /security passes the public accessibility smoke (468ms)
  ✓  30 [a11y-mobile-reduced-motion] › specs/a11y-public.spec.ts:91:3 › /privacy passes the public accessibility smoke (549ms)
  ✓  31 [a11y-mobile-reduced-motion] › specs/a11y-public.spec.ts:91:3 › /how-it-works passes the public accessibility smoke (614ms)
  ✓  32 [a11y-mobile-reduced-motion] › specs/a11y-public.spec.ts:91:3 › /faq passes the public accessibility smoke (457ms)
  ✓  33 [a11y-mobile-reduced-motion] › specs/a11y-public.spec.ts:91:3 › /contact passes the public accessibility smoke (427ms)
  ✓  34 [a11y-mobile-reduced-motion] › specs/a11y-public.spec.ts:107:1 › the public shell exposes a working skip link as the first tab stop (160ms)
  ✓  35 [a11y-mobile-reduced-motion] › specs/a11y-smoke.spec.ts:97:3 › /senders passes the authenticated accessibility smoke (813ms)
  ✓  36 [a11y-mobile-reduced-motion] › specs/a11y-smoke.spec.ts:97:3 › /triage passes the authenticated accessibility smoke (1.3s)
  ✓  37 [a11y-mobile-reduced-motion] › specs/a11y-smoke.spec.ts:97:3 › /activity passes the authenticated accessibility smoke (473ms)
  ✓  38 [a11y-mobile-reduced-motion] › specs/a11y-smoke.spec.ts:97:3 › /settings/privacy passes the authenticated accessibility smoke (816ms)
  ✓  39 [a11y-mobile-reduced-motion] › specs/a11y-smoke.spec.ts:97:3 › /billing passes the authenticated accessibility smoke (773ms)
  ✓  40 [a11y-mobile-reduced-motion] › specs/a11y-smoke.spec.ts:117:1 › Activity filters load on first open and restore focus (1.7s)
  ✓  41 [a11y-mobile-reduced-motion] › specs/a11y-smoke.spec.ts:141:1 › keyboard shortcut dialog traps and restores focus (458ms)
  ✓  42 [a11y-mobile-reduced-motion] › specs/a11y-smoke.spec.ts:175:1 › Privacy export distinguishes failures, announces preparation and permits a retry (1.4s)
  ✓  43 [responsive-phone] › specs/responsive-layout.spec.ts:69:3 › /home stays inside the compact authenticated viewport (918ms)
  ✓  44 [responsive-phone] › specs/responsive-layout.spec.ts:69:3 › /senders stays inside the compact authenticated viewport (686ms)
  ✓  45 [responsive-phone] › specs/responsive-layout.spec.ts:69:3 › /triage stays inside the compact authenticated viewport (864ms)
  ✓  46 [responsive-phone] › specs/responsive-layout.spec.ts:69:3 › /screener stays inside the compact authenticated viewport (869ms)
  ✓  47 [responsive-phone] › specs/responsive-layout.spec.ts:69:3 › /autopilot stays inside the compact authenticated viewport (862ms)
  ✓  48 [responsive-phone] › specs/responsive-layout.spec.ts:69:3 › /quiet stays inside the compact authenticated viewport (868ms)
  ✓  49 [responsive-phone] › specs/responsive-layout.spec.ts:69:3 › /brief stays inside the compact authenticated viewport (868ms)
  ✓  50 [responsive-phone] › specs/responsive-layout.spec.ts:69:3 › /followups stays inside the compact authenticated viewport (870ms)
  ✓  51 [responsive-phone] › specs/responsive-layout.spec.ts:69:3 › /later stays inside the compact authenticated viewport (867ms)
  ✓  52 [responsive-phone] › specs/responsive-layout.spec.ts:69:3 › /activity stays inside the compact authenticated viewport (872ms)
  ✓  53 [responsive-phone] › specs/responsive-layout.spec.ts:69:3 › /billing stays inside the compact authenticated viewport (867ms)
  ✓  54 [responsive-phone] › specs/responsive-layout.spec.ts:69:3 › /settings stays inside the compact authenticated viewport (853ms)
  ✓  55 [responsive-phone] › specs/responsive-layout.spec.ts:69:3 › /settings/privacy stays inside the compact authenticated viewport (865ms)
  ✓  56 [responsive-phone] › specs/responsive-layout.spec.ts:69:3 › /settings/help stays inside the compact authenticated viewport (870ms)
  ✓  57 [responsive-phone] › specs/responsive-layout.spec.ts:69:3 › /settings/senders stays inside the compact authenticated viewport (867ms)
  ✓  58 [responsive-phone] › specs/responsive-layout.spec.ts:69:3 › /senders/e2eb1111-0000-4000-8000-00000000000a stays inside the compact authenticated viewport (910ms)
  ✓  59 [responsive-phone] › specs/responsive-layout.spec.ts:69:3 › /admin/security stays inside the compact authenticated viewport (863ms)
  ✓  60 [responsive-phone] › specs/responsive-layout.spec.ts:76:3 › / stays inside the compact public viewport (664ms)
  ✓  61 [responsive-phone] › specs/responsive-layout.spec.ts:76:3 › /pricing stays inside the compact public viewport (644ms)
  ✓  62 [responsive-phone] › specs/responsive-layout.spec.ts:76:3 › /inbox-simulator stays inside the compact public viewport (647ms)
  ✓  63 [responsive-phone] › specs/responsive-layout.spec.ts:76:3 › /compare stays inside the compact public viewport (645ms)
  ✓  64 [responsive-phone] › specs/responsive-layout.spec.ts:76:3 › /vs/unroll-me stays inside the compact public viewport (637ms)
  ✓  65 [responsive-phone] › specs/responsive-layout.spec.ts:76:3 › /alternatives/clean-email stays inside the compact public viewport (637ms)
  ✓  66 [responsive-phone] › specs/responsive-layout.spec.ts:76:3 › /how-to/clean-gmail-by-sender stays inside the compact public viewport (639ms)
  ✓  67 [responsive-phone] › specs/responsive-layout.spec.ts:76:3 › /privacy stays inside the compact public viewport (638ms)
  ✓  68 [responsive-phone] › specs/responsive-layout.spec.ts:76:3 › /how-it-works stays inside the compact public viewport (647ms)
  ✓  69 [responsive-phone] › specs/responsive-layout.spec.ts:76:3 › /faq stays inside the compact public viewport (633ms)
  ✓  70 [responsive-phone] › specs/responsive-layout.spec.ts:82:1 › the compact navigation drawer remains fully reachable (792ms)

  70 passed (53.0s)
