✔ every release job is a workflow dependency and runs even after failure (18.178667ms)
✔ each failed, cancelled, absent or unexpectedly skipped release job blocks merging (1.603ms)
✔ docs-only PR may skip explicitly excluded suites but queue must run them (12.5795ms)
✔ missing path outputs fail closed; green PR and queue pass (0.1015ms)
✔ push and manual runs require full suites and permit only the intentional log skip (4.018708ms)
✔ detects missing enforcement, wrong app and missing queue producer (0.730375ms)
✔ rejects filtered required workflows and ambiguous producers (2.900667ms)
✔ valid wiring passes; external checks remain explicitly unverified (1.633667ms)
✔ rejects the production regression: old API lacks archivedCount (1.227417ms)
✔ empty, malformed, negative, null and unsafe counts never pass (12.86875ms)
✔ verifies authenticated detail and returns only timing and contract verdict (86.553833ms)
✔ authentication failures, missing senders, outages and empty bodies fail (0.648209ms)
✔ refuses insecure origins and malformed input before transmitting credentials (0.192291ms)
✔ a heavy app layout fails every route under it — the page alone would pass (600.976ms)
✔ a public route is held to its layouts too (679.400875ms)
✔ a chunk filed under another route counts when the HTML loads it (943.052ms)
✔ a chunk named by a script tag and a client reference counts once (1340.535125ms)
✔ a <script noModule> is not counted — modern browsers never fetch it (881.062292ms)
✔ a URL-encoded chunk path is counted, at its path on disk (778.308667ms)
✔ a dynamic route is fetched at a path built from it, else at a placeholder (739.421667ms)
✔ a declared redirect is verified, not measured, and fails once it renders instead (1160.29425ms)
✔ fails by name, and stops the server, when a route answers anything but 200 (437.388ms)
✔ fails by name when a route serves some other page, shared layout chunks and all (585.537916ms)
✔ fails by name when the server serves pages with no chunks (528.460208ms)
✔ fails by name, and stops the server, when it never becomes ready (1635.302084ms)
✔ fails by name when the server cannot start at all (341.235416ms)
✔ stops the server when the run gets SIGINT (333.599ms)
✔ stops the server when the run gets SIGTERM (167.709958ms)
✔ stops the server when the run gets SIGHUP (276.313958ms)
✔ chunk paths are read decoded, the way they sit on disk, without noModule (0.94675ms)
✔ records server planning/execution separately and releases the one connection (0.636917ms)
✔ query failures and empty evidence fail, while releasing the connection (0.222833ms)
✔ never starts unbounded or empty probes (0.129791ms)
✔ each blocking guard's violation is caught and named by guard and file (3545.866791ms)
✔ a clean change passes, and every guard reports what it checked (2251.551334ms)
✔ an empty diff fails loudly instead of passing (1642.474917ms)
✔ an unreadable base fails loudly, including a shallow checkout missing it (3048.073625ms)
✔ a registered guard that is missing, not executable or unregistered fails loudly (535.09275ms)
✔ a guard that cannot see a violation from this checkout fails loudly (1700.447333ms)
✔ a guard that crashes fails loudly rather than reading as a violation or a pass (1636.44875ms)
✔ exit codes are judged against the guard’s own finding marker (0.397959ms)
✔ an allowlisted pre-existing violation passes only while it matches exactly (1961.469208ms)
✔ an allowlist entry for a file that is gone fails loudly (147.156208ms)
✔ a deletion-only diff passes with the deletions accounted for (1378.925ms)
✔ a change to a guard re-judges files the diff does not touch (1832.984917ms)
✔ --all checks every tracked file (1605.655292ms)
✔ finding hits drop line numbers and ignore advisory sections (0.217458ms)
✔ newer automatic deployment needs successful CI for its exact main commit (7.183833ms)
✔ never skips for docs-only CI, old runs, manual releases or failed/cancelled deploys (2.559916ms)
✔ workflow gates deployment on the decision and keeps active deployments serialized (0.366959ms)
✔ separates status classes, excludes probes, and summarizes sampled operations (41.648083ms)
✔ ignores nonmetric lines and never copies arbitrary log fields or raw URLs (0.209291ms)
✔ retains shared request and existing Senders phases without private operation fields (0.210917ms)
ℹ tests 53
ℹ suites 0
ℹ pass 53
ℹ fail 0
ℹ cancelled 0
ℹ skipped 0
ℹ todo 0
ℹ duration_ms 21520.10875
