
> @declutrmail/e2e@0.0.0 e2e:hydration [workspace]/packages/e2e
> playwright test hydration-smoke --project=default


Running 43 tests using 1 worker

  ✓   1 [default] › specs/hydration-smoke-public.spec.ts:116:3 › public route mounts without hydration recovery: / (936ms)
  ✓   2 [default] › specs/hydration-smoke-public.spec.ts:116:3 › public route mounts without hydration recovery: /pricing (880ms)
  ✓   3 [default] › specs/hydration-smoke-public.spec.ts:116:3 › public route mounts without hydration recovery: /inbox-simulator (868ms)
  ✓   4 [default] › specs/hydration-smoke-public.spec.ts:116:3 › public route mounts without hydration recovery: /compare (873ms)
  ✓   5 [default] › specs/hydration-smoke-public.spec.ts:116:3 › public route mounts without hydration recovery: /vs/unroll-me (873ms)
  ✓   6 [default] › specs/hydration-smoke-public.spec.ts:116:3 › public route mounts without hydration recovery: /how-to/clean-gmail-by-sender (873ms)
  ✓   7 [default] › specs/hydration-smoke-public.spec.ts:116:3 › public route mounts without hydration recovery: /security (871ms)
  ✓   8 [default] › specs/hydration-smoke-public.spec.ts:116:3 › public route mounts without hydration recovery: /how-it-works (888ms)
  ✓   9 [default] › specs/hydration-smoke-public.spec.ts:116:3 › public route mounts without hydration recovery: /faq (877ms)
  ✓  10 [default] › specs/hydration-smoke-public.spec.ts:151:5 › returning visitor (accepted analytics, dark theme) mounts without hydration recovery: / (897ms)
  ✓  11 [default] › specs/hydration-smoke-public.spec.ts:151:5 › returning visitor (accepted analytics, dark theme) mounts without hydration recovery: /pricing (882ms)
  ✓  12 [default] › specs/hydration-smoke-public.spec.ts:151:5 › returning visitor (accepted analytics, dark theme) mounts without hydration recovery: /inbox-simulator (872ms)
  ✓  13 [default] › specs/hydration-smoke-public.spec.ts:151:5 › returning visitor (accepted analytics, dark theme) mounts without hydration recovery: /compare (878ms)
  ✓  14 [default] › specs/hydration-smoke-public.spec.ts:151:5 › returning visitor (accepted analytics, dark theme) mounts without hydration recovery: /vs/unroll-me (874ms)
  ✓  15 [default] › specs/hydration-smoke-public.spec.ts:151:5 › returning visitor (accepted analytics, dark theme) mounts without hydration recovery: /how-to/clean-gmail-by-sender (886ms)
  ✓  16 [default] › specs/hydration-smoke-public.spec.ts:151:5 › returning visitor (accepted analytics, dark theme) mounts without hydration recovery: /security (857ms)
  ✓  17 [default] › specs/hydration-smoke-public.spec.ts:151:5 › returning visitor (accepted analytics, dark theme) mounts without hydration recovery: /how-it-works (880ms)
  ✓  18 [default] › specs/hydration-smoke-public.spec.ts:151:5 › returning visitor (accepted analytics, dark theme) mounts without hydration recovery: /faq (867ms)
  ✓  19 [default] › specs/hydration-smoke-public.spec.ts:151:5 › returning visitor (essential only) mounts without hydration recovery: / (896ms)
  ✓  20 [default] › specs/hydration-smoke-public.spec.ts:151:5 › returning visitor (essential only) mounts without hydration recovery: /pricing (861ms)
  ✓  21 [default] › specs/hydration-smoke-public.spec.ts:151:5 › returning visitor (essential only) mounts without hydration recovery: /inbox-simulator (864ms)
  ✓  22 [default] › specs/hydration-smoke-public.spec.ts:151:5 › returning visitor (essential only) mounts without hydration recovery: /compare (880ms)
  ✓  23 [default] › specs/hydration-smoke-public.spec.ts:151:5 › returning visitor (essential only) mounts without hydration recovery: /vs/unroll-me (862ms)
  ✓  24 [default] › specs/hydration-smoke-public.spec.ts:151:5 › returning visitor (essential only) mounts without hydration recovery: /how-to/clean-gmail-by-sender (868ms)
  ✓  25 [default] › specs/hydration-smoke-public.spec.ts:151:5 › returning visitor (essential only) mounts without hydration recovery: /security (866ms)
  ✓  26 [default] › specs/hydration-smoke-public.spec.ts:151:5 › returning visitor (essential only) mounts without hydration recovery: /how-it-works (881ms)
  ✓  27 [default] › specs/hydration-smoke-public.spec.ts:151:5 › returning visitor (essential only) mounts without hydration recovery: /faq (866ms)
  ✓  28 [default] › specs/hydration-smoke.spec.ts:118:3 › server-hydrated route mounts without recovery: /home (897ms)
  ✓  29 [default] › specs/hydration-smoke.spec.ts:118:3 › server-hydrated route mounts without recovery: /senders (1.8s)
  ✓  30 [default] › specs/hydration-smoke.spec.ts:118:3 › server-hydrated route mounts without recovery: /triage (883ms)
  ✓  31 [default] › specs/hydration-smoke.spec.ts:118:3 › server-hydrated route mounts without recovery: /activity (911ms)
  ✓  32 [default] › specs/hydration-smoke.spec.ts:118:3 › server-hydrated route mounts without recovery: /autopilot (914ms)
  ✓  33 [default] › specs/hydration-smoke.spec.ts:118:3 › server-hydrated route mounts without recovery: /billing (893ms)
  ✓  34 [default] › specs/hydration-smoke.spec.ts:118:3 › server-hydrated route mounts without recovery: /brief (878ms)
  ✓  35 [default] › specs/hydration-smoke.spec.ts:118:3 › server-hydrated route mounts without recovery: /followups (880ms)
  ✓  36 [default] › specs/hydration-smoke.spec.ts:118:3 › server-hydrated route mounts without recovery: /later (896ms)
  ✓  37 [default] › specs/hydration-smoke.spec.ts:118:3 › server-hydrated route mounts without recovery: /quiet (889ms)
  ✓  38 [default] › specs/hydration-smoke.spec.ts:118:3 › server-hydrated route mounts without recovery: /screener (925ms)
  ✓  39 [default] › specs/hydration-smoke.spec.ts:118:3 › server-hydrated route mounts without recovery: /settings (883ms)
  ✓  40 [default] › specs/hydration-smoke.spec.ts:118:3 › server-hydrated route mounts without recovery: /settings/privacy (900ms)
  ✓  41 [default] › specs/hydration-smoke.spec.ts:118:3 › server-hydrated route mounts without recovery: /settings/senders (896ms)
  ✓  42 [default] › specs/hydration-smoke.spec.ts:118:3 › server-hydrated route mounts without recovery: /onboarding (852ms)
  ✓  43 [default] › specs/hydration-smoke.spec.ts:118:3 › server-hydrated route mounts without recovery: /admin/security (926ms)

  43 passed (39.9s)
