
> @declutrmail/e2e@0.0.0 e2e:hydration [workspace]/packages/e2e
> playwright test hydration-smoke --project=default


Running 43 tests using 1 worker

  ✓   1 [default] › specs/hydration-smoke-public.spec.ts:116:3 › public route mounts without hydration recovery: / (935ms)
  ✓   2 [default] › specs/hydration-smoke-public.spec.ts:116:3 › public route mounts without hydration recovery: /pricing (897ms)
  ✓   3 [default] › specs/hydration-smoke-public.spec.ts:116:3 › public route mounts without hydration recovery: /inbox-simulator (869ms)
  ✓   4 [default] › specs/hydration-smoke-public.spec.ts:116:3 › public route mounts without hydration recovery: /compare (872ms)
  ✓   5 [default] › specs/hydration-smoke-public.spec.ts:116:3 › public route mounts without hydration recovery: /vs/unroll-me (875ms)
  ✓   6 [default] › specs/hydration-smoke-public.spec.ts:116:3 › public route mounts without hydration recovery: /how-to/clean-gmail-by-sender (877ms)
  ✓   7 [default] › specs/hydration-smoke-public.spec.ts:116:3 › public route mounts without hydration recovery: /security (868ms)
  ✓   8 [default] › specs/hydration-smoke-public.spec.ts:116:3 › public route mounts without hydration recovery: /how-it-works (887ms)
  ✓   9 [default] › specs/hydration-smoke-public.spec.ts:116:3 › public route mounts without hydration recovery: /faq (863ms)
  ✓  10 [default] › specs/hydration-smoke-public.spec.ts:151:5 › returning visitor (accepted analytics, dark theme) mounts without hydration recovery: / (907ms)
  ✓  11 [default] › specs/hydration-smoke-public.spec.ts:151:5 › returning visitor (accepted analytics, dark theme) mounts without hydration recovery: /pricing (884ms)
  ✓  12 [default] › specs/hydration-smoke-public.spec.ts:151:5 › returning visitor (accepted analytics, dark theme) mounts without hydration recovery: /inbox-simulator (880ms)
  ✓  13 [default] › specs/hydration-smoke-public.spec.ts:151:5 › returning visitor (accepted analytics, dark theme) mounts without hydration recovery: /compare (879ms)
  ✓  14 [default] › specs/hydration-smoke-public.spec.ts:151:5 › returning visitor (accepted analytics, dark theme) mounts without hydration recovery: /vs/unroll-me (876ms)
  ✓  15 [default] › specs/hydration-smoke-public.spec.ts:151:5 › returning visitor (accepted analytics, dark theme) mounts without hydration recovery: /how-to/clean-gmail-by-sender (876ms)
  ✓  16 [default] › specs/hydration-smoke-public.spec.ts:151:5 › returning visitor (accepted analytics, dark theme) mounts without hydration recovery: /security (851ms)
  ✓  17 [default] › specs/hydration-smoke-public.spec.ts:151:5 › returning visitor (accepted analytics, dark theme) mounts without hydration recovery: /how-it-works (893ms)
  ✓  18 [default] › specs/hydration-smoke-public.spec.ts:151:5 › returning visitor (accepted analytics, dark theme) mounts without hydration recovery: /faq (871ms)
  ✓  19 [default] › specs/hydration-smoke-public.spec.ts:151:5 › returning visitor (essential only) mounts without hydration recovery: / (898ms)
  ✓  20 [default] › specs/hydration-smoke-public.spec.ts:151:5 › returning visitor (essential only) mounts without hydration recovery: /pricing (872ms)
  ✓  21 [default] › specs/hydration-smoke-public.spec.ts:151:5 › returning visitor (essential only) mounts without hydration recovery: /inbox-simulator (866ms)
  ✓  22 [default] › specs/hydration-smoke-public.spec.ts:151:5 › returning visitor (essential only) mounts without hydration recovery: /compare (871ms)
  ✓  23 [default] › specs/hydration-smoke-public.spec.ts:151:5 › returning visitor (essential only) mounts without hydration recovery: /vs/unroll-me (866ms)
  ✓  24 [default] › specs/hydration-smoke-public.spec.ts:151:5 › returning visitor (essential only) mounts without hydration recovery: /how-to/clean-gmail-by-sender (873ms)
  ✓  25 [default] › specs/hydration-smoke-public.spec.ts:151:5 › returning visitor (essential only) mounts without hydration recovery: /security (867ms)
  ✓  26 [default] › specs/hydration-smoke-public.spec.ts:151:5 › returning visitor (essential only) mounts without hydration recovery: /how-it-works (885ms)
  ✓  27 [default] › specs/hydration-smoke-public.spec.ts:151:5 › returning visitor (essential only) mounts without hydration recovery: /faq (868ms)
  ✓  28 [default] › specs/hydration-smoke.spec.ts:118:3 › server-hydrated route mounts without recovery: /home (884ms)
  ✓  29 [default] › specs/hydration-smoke.spec.ts:118:3 › server-hydrated route mounts without recovery: /senders (1.8s)
  ✓  30 [default] › specs/hydration-smoke.spec.ts:118:3 › server-hydrated route mounts without recovery: /triage (862ms)
  ✓  31 [default] › specs/hydration-smoke.spec.ts:118:3 › server-hydrated route mounts without recovery: /activity (890ms)
  ✓  32 [default] › specs/hydration-smoke.spec.ts:118:3 › server-hydrated route mounts without recovery: /autopilot (914ms)
  ✓  33 [default] › specs/hydration-smoke.spec.ts:118:3 › server-hydrated route mounts without recovery: /billing (890ms)
  ✓  34 [default] › specs/hydration-smoke.spec.ts:118:3 › server-hydrated route mounts without recovery: /brief (885ms)
  ✓  35 [default] › specs/hydration-smoke.spec.ts:118:3 › server-hydrated route mounts without recovery: /followups (887ms)
  ✓  36 [default] › specs/hydration-smoke.spec.ts:118:3 › server-hydrated route mounts without recovery: /later (875ms)
  ✓  37 [default] › specs/hydration-smoke.spec.ts:118:3 › server-hydrated route mounts without recovery: /quiet (873ms)
  ✓  38 [default] › specs/hydration-smoke.spec.ts:118:3 › server-hydrated route mounts without recovery: /screener (869ms)
  ✓  39 [default] › specs/hydration-smoke.spec.ts:118:3 › server-hydrated route mounts without recovery: /settings (910ms)
  ✓  40 [default] › specs/hydration-smoke.spec.ts:118:3 › server-hydrated route mounts without recovery: /settings/privacy (903ms)
  ✓  41 [default] › specs/hydration-smoke.spec.ts:118:3 › server-hydrated route mounts without recovery: /settings/senders (887ms)
  ✓  42 [default] › specs/hydration-smoke.spec.ts:118:3 › server-hydrated route mounts without recovery: /onboarding (858ms)
  ✓  43 [default] › specs/hydration-smoke.spec.ts:118:3 › server-hydrated route mounts without recovery: /admin/security (882ms)

  43 passed (39.7s)
